Archive member included to satisfy reference by file (symbol)

/usr/bin/../lib/gcc/arm-none-eabi/7.3.1/../../../../arm-none-eabi/lib/thumb/v6-m/libc_nano.a(lib_a-exit.o)
                              /usr/bin/../lib/gcc/arm-none-eabi/7.3.1/../../../../arm-none-eabi/lib/thumb/v6-m/crt0.o (exit)
/usr/bin/../lib/gcc/arm-none-eabi/7.3.1/../../../../arm-none-eabi/lib/thumb/v6-m/libc_nano.a(lib_a-impure.o)
                              /usr/bin/../lib/gcc/arm-none-eabi/7.3.1/../../../../arm-none-eabi/lib/thumb/v6-m/libc_nano.a(lib_a-exit.o) (_global_impure_ptr)
/usr/bin/../lib/gcc/arm-none-eabi/7.3.1/../../../../arm-none-eabi/lib/thumb/v6-m/libc_nano.a(lib_a-init.o)
                              /usr/bin/../lib/gcc/arm-none-eabi/7.3.1/../../../../arm-none-eabi/lib/thumb/v6-m/crt0.o (__libc_init_array)
/usr/bin/../lib/gcc/arm-none-eabi/7.3.1/../../../../arm-none-eabi/lib/thumb/v6-m/libc_nano.a(lib_a-memset.o)
                              /usr/bin/../lib/gcc/arm-none-eabi/7.3.1/../../../../arm-none-eabi/lib/thumb/v6-m/crt0.o (memset)
/usr/bin/../lib/gcc/arm-none-eabi/7.3.1/../../../../arm-none-eabi/lib/thumb/v6-m/libnosys.a(_exit.o)
                              /usr/bin/../lib/gcc/arm-none-eabi/7.3.1/../../../../arm-none-eabi/lib/thumb/v6-m/libc_nano.a(lib_a-exit.o) (_exit)
/usr/bin/../lib/gcc/arm-none-eabi/7.3.1/thumb/v6-m/libgcc.a(_udivsi3.o)
                              build/main.o (__aeabi_uidiv)
/usr/bin/../lib/gcc/arm-none-eabi/7.3.1/thumb/v6-m/libgcc.a(_dvmd_tls.o)
                              /usr/bin/../lib/gcc/arm-none-eabi/7.3.1/thumb/v6-m/libgcc.a(_udivsi3.o) (__aeabi_idiv0)
/usr/bin/../lib/gcc/arm-none-eabi/7.3.1/thumb/v6-m/libgcc.a(_aeabi_uldivmod.o)
                              build/main.o (__aeabi_uldivmod)
/usr/bin/../lib/gcc/arm-none-eabi/7.3.1/thumb/v6-m/libgcc.a(_muldi3.o)
                              build/main.o (__aeabi_lmul)
/usr/bin/../lib/gcc/arm-none-eabi/7.3.1/thumb/v6-m/libgcc.a(_udivmoddi4.o)
                              /usr/bin/../lib/gcc/arm-none-eabi/7.3.1/thumb/v6-m/libgcc.a(_aeabi_uldivmod.o) (__udivmoddi4)
/usr/bin/../lib/gcc/arm-none-eabi/7.3.1/thumb/v6-m/libgcc.a(_clzdi2.o)
                              /usr/bin/../lib/gcc/arm-none-eabi/7.3.1/thumb/v6-m/libgcc.a(_udivmoddi4.o) (__clzdi2)
/usr/bin/../lib/gcc/arm-none-eabi/7.3.1/thumb/v6-m/libgcc.a(_clzsi2.o)
                              /usr/bin/../lib/gcc/arm-none-eabi/7.3.1/thumb/v6-m/libgcc.a(_clzdi2.o) (__clzsi2)

Allocating common symbols
Common symbol       size              file

ia_min              0x2               build/main.o
i_sum               0x8               build/main.o
p_sum               0x8               build/main.o
i_offset            0x2               build/main.o
va_max              0x2               build/main.o
AdcData             0x648             build/main.o
va                  0x2               build/main.o
v_offset            0x2               build/main.o
ia                  0x2               build/main.o
meas                0x1               build/main.o
ia_max              0x2               build/main.o
v_sum               0x8               build/main.o
v_out               0x4               build/main.o
p_out               0x4               build/main.o
i_out               0x4               build/main.o
va_min              0x2               build/main.o

Discarded input sections

 .text          0x00000000        0x0 /usr/bin/../lib/gcc/arm-none-eabi/7.3.1/thumb/v6-m/crti.o
 .data          0x00000000        0x0 /usr/bin/../lib/gcc/arm-none-eabi/7.3.1/thumb/v6-m/crti.o
 .bss           0x00000000        0x0 /usr/bin/../lib/gcc/arm-none-eabi/7.3.1/thumb/v6-m/crti.o
 .data          0x00000000        0x4 /usr/bin/../lib/gcc/arm-none-eabi/7.3.1/thumb/v6-m/crtbegin.o
 .text          0x00000000       0x78 /usr/bin/../lib/gcc/arm-none-eabi/7.3.1/../../../../arm-none-eabi/lib/thumb/v6-m/crt0.o
 .data          0x00000000        0x0 /usr/bin/../lib/gcc/arm-none-eabi/7.3.1/../../../../arm-none-eabi/lib/thumb/v6-m/crt0.o
 .bss           0x00000000        0x0 /usr/bin/../lib/gcc/arm-none-eabi/7.3.1/../../../../arm-none-eabi/lib/thumb/v6-m/crt0.o
 .ARM.extab     0x00000000        0x0 /usr/bin/../lib/gcc/arm-none-eabi/7.3.1/../../../../arm-none-eabi/lib/thumb/v6-m/crt0.o
 .ARM.exidx     0x00000000        0x8 /usr/bin/../lib/gcc/arm-none-eabi/7.3.1/../../../../arm-none-eabi/lib/thumb/v6-m/crt0.o
 .ARM.attributes
                0x00000000       0x1b /usr/bin/../lib/gcc/arm-none-eabi/7.3.1/../../../../arm-none-eabi/lib/thumb/v6-m/crt0.o
 .text          0x00000000        0x0 build/main.o
 .data          0x00000000        0x0 build/main.o
 .bss           0x00000000        0x0 build/main.o
 .text.GPIO_Inite
                0x00000000        0x2 build/main.o
 .text._Error_Handler
                0x00000000        0x2 build/main.o
 .text          0x00000000        0x0 build/system_stm32f0xx.o
 .data          0x00000000        0x0 build/system_stm32f0xx.o
 .bss           0x00000000        0x0 build/system_stm32f0xx.o
 .data.SystemCoreClock
                0x00000000        0x4 build/system_stm32f0xx.o
 .rodata.AHBPrescTable
                0x00000000       0x10 build/system_stm32f0xx.o
 .rodata.APBPrescTable
                0x00000000        0x8 build/system_stm32f0xx.o
 .text          0x00000000        0x0 build/stm32f0xx_adc.o
 .data          0x00000000        0x0 build/stm32f0xx_adc.o
 .bss           0x00000000        0x0 build/stm32f0xx_adc.o
 .text.ADC_DeInit
                0x00000000       0x24 build/stm32f0xx_adc.o
 .text.ADC_ClockModeConfig
                0x00000000        0x4 build/stm32f0xx_adc.o
 .text.ADC_JitterCmd
                0x00000000       0x14 build/stm32f0xx_adc.o
 .text.ADC_AutoPowerOffCmd
                0x00000000       0x20 build/stm32f0xx_adc.o
 .text.ADC_WaitModeCmd
                0x00000000       0x20 build/stm32f0xx_adc.o
 .text.ADC_AnalogWatchdogCmd
                0x00000000       0x20 build/stm32f0xx_adc.o
 .text.ADC_AnalogWatchdogThresholdsConfig
                0x00000000        0x8 build/stm32f0xx_adc.o
 .text.ADC_AnalogWatchdogSingleChannelConfig
                0x00000000       0x10 build/stm32f0xx_adc.o
 .text.ADC_AnalogWatchdogSingleChannelCmd
                0x00000000       0x20 build/stm32f0xx_adc.o
 .text.ADC_TempSensorCmd
                0x00000000       0x28 build/stm32f0xx_adc.o
 .text.ADC_VrefintCmd
                0x00000000       0x28 build/stm32f0xx_adc.o
 .text.ADC_VbatCmd
                0x00000000       0x28 build/stm32f0xx_adc.o
 .text.ADC_ContinuousModeCmd
                0x00000000       0x20 build/stm32f0xx_adc.o
 .text.ADC_DiscModeCmd
                0x00000000       0x20 build/stm32f0xx_adc.o
 .text.ADC_OverrunModeCmd
                0x00000000       0x20 build/stm32f0xx_adc.o
 .text.ADC_StopOfConversion
                0x00000000        0xa build/stm32f0xx_adc.o
 .text.ADC_GetConversionValue
                0x00000000        0x6 build/stm32f0xx_adc.o
 .text.ADC_ITConfig
                0x00000000       0x14 build/stm32f0xx_adc.o
 .text.ADC_ClearFlag
                0x00000000        0x4 build/stm32f0xx_adc.o
 .text.ADC_GetITStatus
                0x00000000       0x1a build/stm32f0xx_adc.o
 .text.ADC_ClearITPendingBit
                0x00000000        0x4 build/stm32f0xx_adc.o
 .text          0x00000000        0x0 build/stm32f0xx_gpio.o
 .data          0x00000000        0x0 build/stm32f0xx_gpio.o
 .bss           0x00000000        0x0 build/stm32f0xx_gpio.o
 .text.GPIO_DeInit
                0x00000000       0xc4 build/stm32f0xx_gpio.o
 .text.GPIO_StructInit
                0x00000000       0x18 build/stm32f0xx_gpio.o
 .text.GPIO_PinLockConfig
                0x00000000       0x24 build/stm32f0xx_gpio.o
 .text.GPIO_ReadInputDataBit
                0x00000000        0xe build/stm32f0xx_gpio.o
 .text.GPIO_ReadInputData
                0x00000000        0x6 build/stm32f0xx_gpio.o
 .text.GPIO_ReadOutputDataBit
                0x00000000        0xe build/stm32f0xx_gpio.o
 .text.GPIO_ReadOutputData
                0x00000000        0x6 build/stm32f0xx_gpio.o
 .text.GPIO_SetBits
                0x00000000        0x4 build/stm32f0xx_gpio.o
 .text.GPIO_ResetBits
                0x00000000        0x4 build/stm32f0xx_gpio.o
 .text.GPIO_WriteBit
                0x00000000        0xc build/stm32f0xx_gpio.o
 .text.GPIO_Write
                0x00000000        0x4 build/stm32f0xx_gpio.o
 .text          0x00000000        0x0 build/stm32f0xx_dma.o
 .data          0x00000000        0x0 build/stm32f0xx_dma.o
 .bss           0x00000000        0x0 build/stm32f0xx_dma.o
 .text.DMA_DeInit
                0x00000000      0x138 build/stm32f0xx_dma.o
 .text.DMA_StructInit
                0x00000000       0x1a build/stm32f0xx_dma.o
 .text.DMA_RemapConfig
                0x00000000       0x1e build/stm32f0xx_dma.o
 .text.DMA_SetCurrDataCounter
                0x00000000        0x4 build/stm32f0xx_dma.o
 .text.DMA_GetCurrDataCounter
                0x00000000        0x6 build/stm32f0xx_dma.o
 .text.DMA_GetFlagStatus
                0x00000000       0x24 build/stm32f0xx_dma.o
 .text.DMA_ClearFlag
                0x00000000       0x18 build/stm32f0xx_dma.o
 .text          0x00000000        0x0 build/stm32f0xx_usart.o
 .data          0x00000000        0x0 build/stm32f0xx_usart.o
 .bss           0x00000000        0x0 build/stm32f0xx_usart.o
 .text.USART_DeInit
                0x00000000       0xf8 build/stm32f0xx_usart.o
 .text.USART_StructInit
                0x00000000       0x16 build/stm32f0xx_usart.o
 .text.USART_ClockInit
                0x00000000       0x20 build/stm32f0xx_usart.o
 .text.USART_ClockStructInit
                0x00000000        0xc build/stm32f0xx_usart.o
 .text.USART_DirectionModeCmd
                0x00000000       0x14 build/stm32f0xx_usart.o
 .text.USART_OverSampling8Cmd
                0x00000000       0x20 build/stm32f0xx_usart.o
 .text.USART_OneBitMethodCmd
                0x00000000       0x20 build/stm32f0xx_usart.o
 .text.USART_MSBFirstCmd
                0x00000000       0x20 build/stm32f0xx_usart.o
 .text.USART_DataInvCmd
                0x00000000       0x20 build/stm32f0xx_usart.o
 .text.USART_InvPinCmd
                0x00000000       0x14 build/stm32f0xx_usart.o
 .text.USART_SWAPPinCmd
                0x00000000       0x20 build/stm32f0xx_usart.o
 .text.USART_ReceiverTimeOutCmd
                0x00000000       0x20 build/stm32f0xx_usart.o
 .text.USART_SetReceiverTimeOut
                0x00000000       0x10 build/stm32f0xx_usart.o
 .text.USART_SetPrescaler
                0x00000000       0x10 build/stm32f0xx_usart.o
 .text.USART_STOPModeCmd
                0x00000000       0x18 build/stm32f0xx_usart.o
 .text.USART_StopModeWakeUpSourceConfig
                0x00000000       0x14 build/stm32f0xx_usart.o
 .text.USART_AutoBaudRateCmd
                0x00000000       0x20 build/stm32f0xx_usart.o
 .text.USART_AutoBaudRateConfig
                0x00000000       0x14 build/stm32f0xx_usart.o
 .text.USART_SetAddress
                0x00000000       0x12 build/stm32f0xx_usart.o
 .text.USART_MuteModeCmd
                0x00000000       0x20 build/stm32f0xx_usart.o
 .text.USART_MuteModeWakeUpConfig
                0x00000000       0x14 build/stm32f0xx_usart.o
 .text.USART_AddressDetectionConfig
                0x00000000       0x10 build/stm32f0xx_usart.o
 .text.USART_LINBreakDetectLengthConfig
                0x00000000       0x10 build/stm32f0xx_usart.o
 .text.USART_LINCmd
                0x00000000       0x20 build/stm32f0xx_usart.o
 .text.USART_HalfDuplexCmd
                0x00000000       0x18 build/stm32f0xx_usart.o
 .text.USART_SetGuardTime
                0x00000000       0x12 build/stm32f0xx_usart.o
 .text.USART_SmartCardCmd
                0x00000000       0x18 build/stm32f0xx_usart.o
 .text.USART_SmartCardNACKCmd
                0x00000000       0x18 build/stm32f0xx_usart.o
 .text.USART_SetAutoRetryCount
                0x00000000       0x18 build/stm32f0xx_usart.o
 .text.USART_SetBlockLength
                0x00000000       0x12 build/stm32f0xx_usart.o
 .text.USART_IrDAConfig
                0x00000000       0x10 build/stm32f0xx_usart.o
 .text.USART_IrDACmd
                0x00000000       0x18 build/stm32f0xx_usart.o
 .text.USART_DECmd
                0x00000000       0x20 build/stm32f0xx_usart.o
 .text.USART_DEPolarityConfig
                0x00000000       0x14 build/stm32f0xx_usart.o
 .text.USART_SetDEAssertionTime
                0x00000000       0x18 build/stm32f0xx_usart.o
 .text.USART_SetDEDeassertionTime
                0x00000000       0x18 build/stm32f0xx_usart.o
 .text.USART_DMACmd
                0x00000000       0x14 build/stm32f0xx_usart.o
 .text.USART_DMAReceptionErrorConfig
                0x00000000       0x14 build/stm32f0xx_usart.o
 .text.USART_RequestCmd
                0x00000000       0x16 build/stm32f0xx_usart.o
 .text.USART_OverrunDetectionConfig
                0x00000000       0x14 build/stm32f0xx_usart.o
 .text.USART_ClearFlag
                0x00000000        0x4 build/stm32f0xx_usart.o
 .text.USART_ClearITPendingBit
                0x00000000        0xa build/stm32f0xx_usart.o
 .text          0x00000000        0x0 build/stm32f0xx_rcc.o
 .data          0x00000000        0x0 build/stm32f0xx_rcc.o
 .bss           0x00000000        0x0 build/stm32f0xx_rcc.o
 .text.RCC_DeInit
                0x00000000       0x60 build/stm32f0xx_rcc.o
 .text.RCC_HSEConfig
                0x00000000       0x10 build/stm32f0xx_rcc.o
 .text.RCC_AdjustHSICalibrationValue
                0x00000000       0x14 build/stm32f0xx_rcc.o
 .text.RCC_HSICmd
                0x00000000       0x20 build/stm32f0xx_rcc.o
 .text.RCC_AdjustHSI14CalibrationValue
                0x00000000       0x14 build/stm32f0xx_rcc.o
 .text.RCC_HSI14Cmd
                0x00000000       0x20 build/stm32f0xx_rcc.o
 .text.RCC_HSI14ADCRequestCmd
                0x00000000       0x20 build/stm32f0xx_rcc.o
 .text.RCC_LSEConfig
                0x00000000       0x20 build/stm32f0xx_rcc.o
 .text.RCC_LSEDriveConfig
                0x00000000       0x18 build/stm32f0xx_rcc.o
 .text.RCC_LSICmd
                0x00000000       0x20 build/stm32f0xx_rcc.o
 .text.RCC_PLLConfig
                0x00000000       0x20 build/stm32f0xx_rcc.o
 .text.RCC_PLLCmd
                0x00000000       0x28 build/stm32f0xx_rcc.o
 .text.RCC_HSI48Cmd
                0x00000000       0x28 build/stm32f0xx_rcc.o
 .text.RCC_PREDIV1Config
                0x00000000       0x14 build/stm32f0xx_rcc.o
 .text.RCC_ClockSecuritySystemCmd
                0x00000000       0x28 build/stm32f0xx_rcc.o
 .text.RCC_MCOConfig
                0x00000000       0x18 build/stm32f0xx_rcc.o
 .text.RCC_SYSCLKConfig
                0x00000000       0x14 build/stm32f0xx_rcc.o
 .text.RCC_GetSYSCLKSource
                0x00000000       0x10 build/stm32f0xx_rcc.o
 .text.RCC_HCLKConfig
                0x00000000       0x14 build/stm32f0xx_rcc.o
 .text.RCC_PCLKConfig
                0x00000000       0x18 build/stm32f0xx_rcc.o
 .text.RCC_ADCCLKConfig
                0x00000000       0x34 build/stm32f0xx_rcc.o
 .text.RCC_CECCLKConfig
                0x00000000       0x18 build/stm32f0xx_rcc.o
 .text.RCC_I2CCLKConfig
                0x00000000       0x18 build/stm32f0xx_rcc.o
 .text.RCC_USARTCLKConfig
                0x00000000       0x44 build/stm32f0xx_rcc.o
 .text.RCC_USBCLKConfig
                0x00000000       0x18 build/stm32f0xx_rcc.o
 .text.RCC_RTCCLKConfig
                0x00000000       0x10 build/stm32f0xx_rcc.o
 .text.RCC_RTCCLKCmd
                0x00000000       0x28 build/stm32f0xx_rcc.o
 .text.RCC_BackupResetCmd
                0x00000000       0x28 build/stm32f0xx_rcc.o
 .text.RCC_AHBPeriphResetCmd
                0x00000000       0x1c build/stm32f0xx_rcc.o
 .text.RCC_APB2PeriphResetCmd
                0x00000000       0x1c build/stm32f0xx_rcc.o
 .text.RCC_APB1PeriphResetCmd
                0x00000000       0x1c build/stm32f0xx_rcc.o
 .text.RCC_ITConfig
                0x00000000       0x1c build/stm32f0xx_rcc.o
 .text.RCC_GetFlagStatus
                0x00000000       0x38 build/stm32f0xx_rcc.o
 .text.RCC_WaitForHSEStartUp
                0x00000000       0x36 build/stm32f0xx_rcc.o
 .text.RCC_ClearFlag
                0x00000000       0x14 build/stm32f0xx_rcc.o
 .text.RCC_GetITStatus
                0x00000000       0x14 build/stm32f0xx_rcc.o
 .text.RCC_ClearITPendingBit
                0x00000000        0xc build/stm32f0xx_rcc.o
 .text          0x00000000        0x0 build/stm32f0xx_misc.o
 .data          0x00000000        0x0 build/stm32f0xx_misc.o
 .bss           0x00000000        0x0 build/stm32f0xx_misc.o
 .text.NVIC_SystemLPConfig
                0x00000000       0x1c build/stm32f0xx_misc.o
 .text.SysTick_CLKSourceConfig
                0x00000000       0x20 build/stm32f0xx_misc.o
 .text          0x00000000        0x0 build/stm32f0xx_tim.o
 .data          0x00000000        0x0 build/stm32f0xx_tim.o
 .bss           0x00000000        0x0 build/stm32f0xx_tim.o
 .text.TI1_Config
                0x00000000       0x2c build/stm32f0xx_tim.o
 .text.TI2_Config
                0x00000000       0x38 build/stm32f0xx_tim.o
 .text.TI3_Config
                0x00000000       0x38 build/stm32f0xx_tim.o
 .text.TI4_Config
                0x00000000       0x40 build/stm32f0xx_tim.o
 .text.TIM_DeInit
                0x00000000      0x114 build/stm32f0xx_tim.o
 .text.TIM_TimeBaseStructInit
                0x00000000       0x12 build/stm32f0xx_tim.o
 .text.TIM_PrescalerConfig
                0x00000000        0x6 build/stm32f0xx_tim.o
 .text.TIM_CounterModeConfig
                0x00000000        0xc build/stm32f0xx_tim.o
 .text.TIM_SetAutoreload
                0x00000000        0x4 build/stm32f0xx_tim.o
 .text.TIM_GetCounter
                0x00000000        0x4 build/stm32f0xx_tim.o
 .text.TIM_GetPrescaler
                0x00000000        0x6 build/stm32f0xx_tim.o
 .text.TIM_UpdateDisableConfig
                0x00000000       0x18 build/stm32f0xx_tim.o
 .text.TIM_UpdateRequestConfig
                0x00000000       0x18 build/stm32f0xx_tim.o
 .text.TIM_ARRPreloadConfig
                0x00000000       0x18 build/stm32f0xx_tim.o
 .text.TIM_SelectOnePulseMode
                0x00000000       0x10 build/stm32f0xx_tim.o
 .text.TIM_SetClockDivision
                0x00000000       0x14 build/stm32f0xx_tim.o
 .text.TIM_BDTRConfig
                0x00000000       0x26 build/stm32f0xx_tim.o
 .text.TIM_BDTRStructInit
                0x00000000       0x12 build/stm32f0xx_tim.o
 .text.TIM_CtrlPWMOutputs
                0x00000000       0x24 build/stm32f0xx_tim.o
 .text.TIM_OC1Init
                0x00000000       0x80 build/stm32f0xx_tim.o
 .text.TIM_OC2Init
                0x00000000       0x9c build/stm32f0xx_tim.o
 .text.TIM_OC3Init
                0x00000000       0x88 build/stm32f0xx_tim.o
 .text.TIM_OC4Init
                0x00000000       0x68 build/stm32f0xx_tim.o
 .text.TIM_OCStructInit
                0x00000000       0x14 build/stm32f0xx_tim.o
 .text.TIM_SelectOCxM
                0x00000000       0x50 build/stm32f0xx_tim.o
 .text.TIM_SetCompare1
                0x00000000        0x4 build/stm32f0xx_tim.o
 .text.TIM_SetCompare2
                0x00000000        0x4 build/stm32f0xx_tim.o
 .text.TIM_SetCompare3
                0x00000000        0x4 build/stm32f0xx_tim.o
 .text.TIM_SetCompare4
                0x00000000        0x4 build/stm32f0xx_tim.o
 .text.TIM_ForcedOC1Config
                0x00000000        0xc build/stm32f0xx_tim.o
 .text.TIM_ForcedOC2Config
                0x00000000       0x14 build/stm32f0xx_tim.o
 .text.TIM_ForcedOC3Config
                0x00000000        0xc build/stm32f0xx_tim.o
 .text.TIM_ForcedOC4Config
                0x00000000       0x14 build/stm32f0xx_tim.o
 .text.TIM_CCPreloadControl
                0x00000000       0x18 build/stm32f0xx_tim.o
 .text.TIM_OC1PreloadConfig
                0x00000000        0xc build/stm32f0xx_tim.o
 .text.TIM_OC2PreloadConfig
                0x00000000       0x14 build/stm32f0xx_tim.o
 .text.TIM_OC3PreloadConfig
                0x00000000        0xc build/stm32f0xx_tim.o
 .text.TIM_OC4PreloadConfig
                0x00000000       0x14 build/stm32f0xx_tim.o
 .text.TIM_OC1FastConfig
                0x00000000        0xc build/stm32f0xx_tim.o
 .text.TIM_OC2FastConfig
                0x00000000       0x14 build/stm32f0xx_tim.o
 .text.TIM_OC3FastConfig
                0x00000000        0xc build/stm32f0xx_tim.o
 .text.TIM_OC4FastConfig
                0x00000000       0x14 build/stm32f0xx_tim.o
 .text.TIM_ClearOC1Ref
                0x00000000        0xc build/stm32f0xx_tim.o
 .text.TIM_ClearOC2Ref
                0x00000000       0x10 build/stm32f0xx_tim.o
 .text.TIM_ClearOC3Ref
                0x00000000        0xc build/stm32f0xx_tim.o
 .text.TIM_ClearOC4Ref
                0x00000000       0x10 build/stm32f0xx_tim.o
 .text.TIM_OC1PolarityConfig
                0x00000000        0xc build/stm32f0xx_tim.o
 .text.TIM_OC1NPolarityConfig
                0x00000000        0xc build/stm32f0xx_tim.o
 .text.TIM_OC2PolarityConfig
                0x00000000       0x10 build/stm32f0xx_tim.o
 .text.TIM_OC2NPolarityConfig
                0x00000000       0x10 build/stm32f0xx_tim.o
 .text.TIM_OC3PolarityConfig
                0x00000000       0x14 build/stm32f0xx_tim.o
 .text.TIM_OC3NPolarityConfig
                0x00000000       0x14 build/stm32f0xx_tim.o
 .text.TIM_OC4PolarityConfig
                0x00000000       0x14 build/stm32f0xx_tim.o
 .text.TIM_SelectOCREFClear
                0x00000000       0x10 build/stm32f0xx_tim.o
 .text.TIM_CCxCmd
                0x00000000       0x1a build/stm32f0xx_tim.o
 .text.TIM_CCxNCmd
                0x00000000       0x1a build/stm32f0xx_tim.o
 .text.TIM_SelectCOM
                0x00000000       0x18 build/stm32f0xx_tim.o
 .text.TIM_ICStructInit
                0x00000000       0x10 build/stm32f0xx_tim.o
 .text.TIM_GetCapture1
                0x00000000        0x4 build/stm32f0xx_tim.o
 .text.TIM_GetCapture2
                0x00000000        0x4 build/stm32f0xx_tim.o
 .text.TIM_GetCapture3
                0x00000000        0x4 build/stm32f0xx_tim.o
 .text.TIM_GetCapture4
                0x00000000        0x4 build/stm32f0xx_tim.o
 .text.TIM_SetIC1Prescaler
                0x00000000       0x10 build/stm32f0xx_tim.o
 .text.TIM_SetIC2Prescaler
                0x00000000       0x18 build/stm32f0xx_tim.o
 .text.TIM_PWMIConfig
                0x00000000       0x70 build/stm32f0xx_tim.o
 .text.TIM_SetIC3Prescaler
                0x00000000       0x10 build/stm32f0xx_tim.o
 .text.TIM_SetIC4Prescaler
                0x00000000       0x18 build/stm32f0xx_tim.o
 .text.TIM_ICInit
                0x00000000       0x64 build/stm32f0xx_tim.o
 .text.TIM_ITConfig
                0x00000000       0x14 build/stm32f0xx_tim.o
 .text.TIM_GenerateEvent
                0x00000000        0x4 build/stm32f0xx_tim.o
 .text.TIM_GetFlagStatus
                0x00000000        0xe build/stm32f0xx_tim.o
 .text.TIM_ClearFlag
                0x00000000        0x8 build/stm32f0xx_tim.o
 .text.TIM_GetITStatus
                0x00000000       0x1a build/stm32f0xx_tim.o
 .text.TIM_ClearITPendingBit
                0x00000000        0x8 build/stm32f0xx_tim.o
 .text.TIM_DMAConfig
                0x00000000        0x8 build/stm32f0xx_tim.o
 .text.TIM_DMACmd
                0x00000000       0x14 build/stm32f0xx_tim.o
 .text.TIM_SelectCCDMA
                0x00000000       0x18 build/stm32f0xx_tim.o
 .text.TIM_InternalClockConfig
                0x00000000        0xa build/stm32f0xx_tim.o
 .text.TIM_SelectInputTrigger
                0x00000000        0xc build/stm32f0xx_tim.o
 .text.TIM_ITRxExternalClockConfig
                0x00000000       0x12 build/stm32f0xx_tim.o
 .text.TIM_TIxExternalClockConfig
                0x00000000       0x2c build/stm32f0xx_tim.o
 .text.TIM_SelectSlaveMode
                0x00000000       0x10 build/stm32f0xx_tim.o
 .text.TIM_SelectMasterSlaveMode
                0x00000000       0x10 build/stm32f0xx_tim.o
 .text.TIM_ETRConfig
                0x00000000       0x16 build/stm32f0xx_tim.o
 .text.TIM_ETRClockMode1Config
                0x00000000       0x14 build/stm32f0xx_tim.o
 .text.TIM_ETRClockMode2Config
                0x00000000       0x14 build/stm32f0xx_tim.o
 .text.TIM_EncoderInterfaceConfig
                0x00000000       0x30 build/stm32f0xx_tim.o
 .text.TIM_SelectHallSensor
                0x00000000       0x18 build/stm32f0xx_tim.o
 .text.TIM_RemapConfig
                0x00000000        0x6 build/stm32f0xx_tim.o
 .text          0x00000000       0x14 build/startup_stm32f030x6.o
 .data          0x00000000        0x0 build/startup_stm32f030x6.o
 .bss           0x00000000        0x0 build/startup_stm32f030x6.o
 .text          0x00000000        0x0 /usr/bin/../lib/gcc/arm-none-eabi/7.3.1/../../../../arm-none-eabi/lib/thumb/v6-m/libc_nano.a(lib_a-exit.o)
 .data          0x00000000        0x0 /usr/bin/../lib/gcc/arm-none-eabi/7.3.1/../../../../arm-none-eabi/lib/thumb/v6-m/libc_nano.a(lib_a-exit.o)
 .bss           0x00000000        0x0 /usr/bin/../lib/gcc/arm-none-eabi/7.3.1/../../../../arm-none-eabi/lib/thumb/v6-m/libc_nano.a(lib_a-exit.o)
 .text.exit     0x00000000       0x2c /usr/bin/../lib/gcc/arm-none-eabi/7.3.1/../../../../arm-none-eabi/lib/thumb/v6-m/libc_nano.a(lib_a-exit.o)
 .debug_frame   0x00000000       0x28 /usr/bin/../lib/gcc/arm-none-eabi/7.3.1/../../../../arm-none-eabi/lib/thumb/v6-m/libc_nano.a(lib_a-exit.o)
 .ARM.attributes
                0x00000000       0x2c /usr/bin/../lib/gcc/arm-none-eabi/7.3.1/../../../../arm-none-eabi/lib/thumb/v6-m/libc_nano.a(lib_a-exit.o)
 .text          0x00000000        0x0 /usr/bin/../lib/gcc/arm-none-eabi/7.3.1/../../../../arm-none-eabi/lib/thumb/v6-m/libc_nano.a(lib_a-impure.o)
 .data          0x00000000        0x0 /usr/bin/../lib/gcc/arm-none-eabi/7.3.1/../../../../arm-none-eabi/lib/thumb/v6-m/libc_nano.a(lib_a-impure.o)
 .bss           0x00000000        0x0 /usr/bin/../lib/gcc/arm-none-eabi/7.3.1/../../../../arm-none-eabi/lib/thumb/v6-m/libc_nano.a(lib_a-impure.o)
 .data._impure_ptr
                0x00000000        0x4 /usr/bin/../lib/gcc/arm-none-eabi/7.3.1/../../../../arm-none-eabi/lib/thumb/v6-m/libc_nano.a(lib_a-impure.o)
 .data.impure_data
                0x00000000       0x60 /usr/bin/../lib/gcc/arm-none-eabi/7.3.1/../../../../arm-none-eabi/lib/thumb/v6-m/libc_nano.a(lib_a-impure.o)
 .rodata._global_impure_ptr
                0x00000000        0x4 /usr/bin/../lib/gcc/arm-none-eabi/7.3.1/../../../../arm-none-eabi/lib/thumb/v6-m/libc_nano.a(lib_a-impure.o)
 .ARM.attributes
                0x00000000       0x2c /usr/bin/../lib/gcc/arm-none-eabi/7.3.1/../../../../arm-none-eabi/lib/thumb/v6-m/libc_nano.a(lib_a-impure.o)
 .text          0x00000000        0x0 /usr/bin/../lib/gcc/arm-none-eabi/7.3.1/../../../../arm-none-eabi/lib/thumb/v6-m/libc_nano.a(lib_a-init.o)
 .data          0x00000000        0x0 /usr/bin/../lib/gcc/arm-none-eabi/7.3.1/../../../../arm-none-eabi/lib/thumb/v6-m/libc_nano.a(lib_a-init.o)
 .bss           0x00000000        0x0 /usr/bin/../lib/gcc/arm-none-eabi/7.3.1/../../../../arm-none-eabi/lib/thumb/v6-m/libc_nano.a(lib_a-init.o)
 .text          0x00000000        0x0 /usr/bin/../lib/gcc/arm-none-eabi/7.3.1/../../../../arm-none-eabi/lib/thumb/v6-m/libc_nano.a(lib_a-memset.o)
 .data          0x00000000        0x0 /usr/bin/../lib/gcc/arm-none-eabi/7.3.1/../../../../arm-none-eabi/lib/thumb/v6-m/libc_nano.a(lib_a-memset.o)
 .bss           0x00000000        0x0 /usr/bin/../lib/gcc/arm-none-eabi/7.3.1/../../../../arm-none-eabi/lib/thumb/v6-m/libc_nano.a(lib_a-memset.o)
 .text.memset   0x00000000       0x10 /usr/bin/../lib/gcc/arm-none-eabi/7.3.1/../../../../arm-none-eabi/lib/thumb/v6-m/libc_nano.a(lib_a-memset.o)
 .debug_frame   0x00000000       0x20 /usr/bin/../lib/gcc/arm-none-eabi/7.3.1/../../../../arm-none-eabi/lib/thumb/v6-m/libc_nano.a(lib_a-memset.o)
 .ARM.attributes
                0x00000000       0x2c /usr/bin/../lib/gcc/arm-none-eabi/7.3.1/../../../../arm-none-eabi/lib/thumb/v6-m/libc_nano.a(lib_a-memset.o)
 .text          0x00000000        0x0 /usr/bin/../lib/gcc/arm-none-eabi/7.3.1/../../../../arm-none-eabi/lib/thumb/v6-m/libnosys.a(_exit.o)
 .data          0x00000000        0x0 /usr/bin/../lib/gcc/arm-none-eabi/7.3.1/../../../../arm-none-eabi/lib/thumb/v6-m/libnosys.a(_exit.o)
 .bss           0x00000000        0x0 /usr/bin/../lib/gcc/arm-none-eabi/7.3.1/../../../../arm-none-eabi/lib/thumb/v6-m/libnosys.a(_exit.o)
 .text._exit    0x00000000        0x4 /usr/bin/../lib/gcc/arm-none-eabi/7.3.1/../../../../arm-none-eabi/lib/thumb/v6-m/libnosys.a(_exit.o)
 .debug_frame   0x00000000       0x20 /usr/bin/../lib/gcc/arm-none-eabi/7.3.1/../../../../arm-none-eabi/lib/thumb/v6-m/libnosys.a(_exit.o)
 .ARM.attributes
                0x00000000       0x2c /usr/bin/../lib/gcc/arm-none-eabi/7.3.1/../../../../arm-none-eabi/lib/thumb/v6-m/libnosys.a(_exit.o)
 .data          0x00000000        0x0 /usr/bin/../lib/gcc/arm-none-eabi/7.3.1/thumb/v6-m/libgcc.a(_udivsi3.o)
 .bss           0x00000000        0x0 /usr/bin/../lib/gcc/arm-none-eabi/7.3.1/thumb/v6-m/libgcc.a(_udivsi3.o)
 .data          0x00000000        0x0 /usr/bin/../lib/gcc/arm-none-eabi/7.3.1/thumb/v6-m/libgcc.a(_dvmd_tls.o)
 .bss           0x00000000        0x0 /usr/bin/../lib/gcc/arm-none-eabi/7.3.1/thumb/v6-m/libgcc.a(_dvmd_tls.o)
 .data          0x00000000        0x0 /usr/bin/../lib/gcc/arm-none-eabi/7.3.1/thumb/v6-m/libgcc.a(_aeabi_uldivmod.o)
 .bss           0x00000000        0x0 /usr/bin/../lib/gcc/arm-none-eabi/7.3.1/thumb/v6-m/libgcc.a(_aeabi_uldivmod.o)
 .data          0x00000000        0x0 /usr/bin/../lib/gcc/arm-none-eabi/7.3.1/thumb/v6-m/libgcc.a(_muldi3.o)
 .bss           0x00000000        0x0 /usr/bin/../lib/gcc/arm-none-eabi/7.3.1/thumb/v6-m/libgcc.a(_muldi3.o)
 .data          0x00000000        0x0 /usr/bin/../lib/gcc/arm-none-eabi/7.3.1/thumb/v6-m/libgcc.a(_udivmoddi4.o)
 .bss           0x00000000        0x0 /usr/bin/../lib/gcc/arm-none-eabi/7.3.1/thumb/v6-m/libgcc.a(_udivmoddi4.o)
 .ARM.extab     0x00000000        0x0 /usr/bin/../lib/gcc/arm-none-eabi/7.3.1/thumb/v6-m/libgcc.a(_udivmoddi4.o)
 .data          0x00000000        0x0 /usr/bin/../lib/gcc/arm-none-eabi/7.3.1/thumb/v6-m/libgcc.a(_clzdi2.o)
 .bss           0x00000000        0x0 /usr/bin/../lib/gcc/arm-none-eabi/7.3.1/thumb/v6-m/libgcc.a(_clzdi2.o)
 .data          0x00000000        0x0 /usr/bin/../lib/gcc/arm-none-eabi/7.3.1/thumb/v6-m/libgcc.a(_clzsi2.o)
 .bss           0x00000000        0x0 /usr/bin/../lib/gcc/arm-none-eabi/7.3.1/thumb/v6-m/libgcc.a(_clzsi2.o)
 .text          0x00000000        0x0 /usr/bin/../lib/gcc/arm-none-eabi/7.3.1/thumb/v6-m/crtend.o
 .data          0x00000000        0x0 /usr/bin/../lib/gcc/arm-none-eabi/7.3.1/thumb/v6-m/crtend.o
 .bss           0x00000000        0x0 /usr/bin/../lib/gcc/arm-none-eabi/7.3.1/thumb/v6-m/crtend.o
 .eh_frame      0x00000000        0x4 /usr/bin/../lib/gcc/arm-none-eabi/7.3.1/thumb/v6-m/crtend.o
 .ARM.attributes
                0x00000000       0x2c /usr/bin/../lib/gcc/arm-none-eabi/7.3.1/thumb/v6-m/crtend.o
 .text          0x00000000        0x0 /usr/bin/../lib/gcc/arm-none-eabi/7.3.1/thumb/v6-m/crtn.o
 .data          0x00000000        0x0 /usr/bin/../lib/gcc/arm-none-eabi/7.3.1/thumb/v6-m/crtn.o
 .bss           0x00000000        0x0 /usr/bin/../lib/gcc/arm-none-eabi/7.3.1/thumb/v6-m/crtn.o

Memory Configuration

Name             Origin             Length             Attributes
RAM              0x20000000         0x00001000         xrw
FLASH            0x08000000         0x00004000         xr
*default*        0x00000000         0xffffffff

Linker script and memory map

LOAD /usr/bin/../lib/gcc/arm-none-eabi/7.3.1/thumb/v6-m/crti.o
LOAD /usr/bin/../lib/gcc/arm-none-eabi/7.3.1/thumb/v6-m/crtbegin.o
LOAD /usr/bin/../lib/gcc/arm-none-eabi/7.3.1/../../../../arm-none-eabi/lib/thumb/v6-m/crt0.o
LOAD build/main.o
LOAD build/system_stm32f0xx.o
LOAD build/stm32f0xx_adc.o
LOAD build/stm32f0xx_gpio.o
LOAD build/stm32f0xx_dma.o
LOAD build/stm32f0xx_usart.o
LOAD build/stm32f0xx_rcc.o
LOAD build/stm32f0xx_misc.o
LOAD build/stm32f0xx_tim.o
LOAD build/startup_stm32f030x6.o
LOAD /usr/bin/../lib/gcc/arm-none-eabi/7.3.1/../../../../arm-none-eabi/lib/thumb/v6-m/libc_nano.a
LOAD /usr/bin/../lib/gcc/arm-none-eabi/7.3.1/../../../../arm-none-eabi/lib/thumb/v6-m/libm.a
LOAD /usr/bin/../lib/gcc/arm-none-eabi/7.3.1/../../../../arm-none-eabi/lib/thumb/v6-m/libnosys.a
START GROUP
LOAD /usr/bin/../lib/gcc/arm-none-eabi/7.3.1/thumb/v6-m/libgcc.a
LOAD /usr/bin/../lib/gcc/arm-none-eabi/7.3.1/../../../../arm-none-eabi/lib/thumb/v6-m/libc_nano.a
END GROUP
START GROUP
LOAD /usr/bin/../lib/gcc/arm-none-eabi/7.3.1/thumb/v6-m/libgcc.a
LOAD /usr/bin/../lib/gcc/arm-none-eabi/7.3.1/../../../../arm-none-eabi/lib/thumb/v6-m/libc_nano.a
END GROUP
LOAD /usr/bin/../lib/gcc/arm-none-eabi/7.3.1/thumb/v6-m/crtend.o
LOAD /usr/bin/../lib/gcc/arm-none-eabi/7.3.1/thumb/v6-m/crtn.o
                0x20001000                _estack = 0x20001000
                0x00000200                _Min_Heap_Size = 0x200
                0x00000400                _Min_Stack_Size = 0x400

.isr_vector     0x08000000       0xc0
                0x08000000                . = ALIGN (0x4)
 *(.isr_vector)
 .isr_vector    0x08000000       0xc0 build/startup_stm32f030x6.o
                0x08000000                g_pfnVectors
                0x080000c0                . = ALIGN (0x4)

.text           0x080000c0     0x1ab4
                0x080000c0                . = ALIGN (0x4)
 *(.text)
 .text          0x080000c0       0x48 /usr/bin/../lib/gcc/arm-none-eabi/7.3.1/thumb/v6-m/crtbegin.o
 .text          0x08000108      0x114 /usr/bin/../lib/gcc/arm-none-eabi/7.3.1/thumb/v6-m/libgcc.a(_udivsi3.o)
                0x08000108                __udivsi3
                0x08000108                __aeabi_uidiv
                0x08000214                __aeabi_uidivmod
 .text          0x0800021c        0x4 /usr/bin/../lib/gcc/arm-none-eabi/7.3.1/thumb/v6-m/libgcc.a(_dvmd_tls.o)
                0x0800021c                __aeabi_ldiv0
                0x0800021c                __aeabi_idiv0
 .text          0x08000220       0x40 /usr/bin/../lib/gcc/arm-none-eabi/7.3.1/thumb/v6-m/libgcc.a(_aeabi_uldivmod.o)
                0x08000220                __aeabi_uldivmod
 .text          0x08000260       0x54 /usr/bin/../lib/gcc/arm-none-eabi/7.3.1/thumb/v6-m/libgcc.a(_muldi3.o)
                0x08000260                __aeabi_lmul
                0x08000260                __muldi3
 .text          0x080002b4      0x184 /usr/bin/../lib/gcc/arm-none-eabi/7.3.1/thumb/v6-m/libgcc.a(_udivmoddi4.o)
                0x080002b4                __udivmoddi4
 .text          0x08000438       0x18 /usr/bin/../lib/gcc/arm-none-eabi/7.3.1/thumb/v6-m/libgcc.a(_clzdi2.o)
                0x08000438                __clzdi2
 .text          0x08000450       0x3c /usr/bin/../lib/gcc/arm-none-eabi/7.3.1/thumb/v6-m/libgcc.a(_clzsi2.o)
                0x08000450                __clzsi2
 *(.text*)
 .text.SystemClock_Config
                0x0800048c       0x60 build/main.o
                0x0800048c                SystemClock_Config
 .text.ADC_Inite
                0x080004ec       0xd8 build/main.o
                0x080004ec                ADC_Inite
 .text.USART1_UART_Inite
                0x080005c4       0xbc build/main.o
                0x080005c4                USART1_UART_Inite
 .text.DMA_Inite
                0x08000680       0x8c build/main.o
                0x08000680                DMA_Inite
 .text.USART1_IRQHandler
                0x0800070c       0x2c build/main.o
                0x0800070c                USART1_IRQHandler
 .text.DMA1_Channel1_IRQHandler
                0x08000738       0x2c build/main.o
                0x08000738                DMA1_Channel1_IRQHandler
 .text.start_conv
                0x08000764       0x24 build/main.o
                0x08000764                start_conv
 .text.fsqrt    0x08000788       0x78 build/main.o
                0x08000788                fsqrt
 .text.main     0x08000800      0xb68 build/main.o
                0x08000800                main
 .text.SystemInit
                0x08001368       0x60 build/system_stm32f0xx.o
                0x08001368                SystemInit
 .text.ADC_Init
                0x080013c8       0x2c build/stm32f0xx_adc.o
                0x080013c8                ADC_Init
 .text.ADC_StructInit
                0x080013f4       0x10 build/stm32f0xx_adc.o
                0x080013f4                ADC_StructInit
 .text.ADC_Cmd  0x08001404       0x18 build/stm32f0xx_adc.o
                0x08001404                ADC_Cmd
 .text.ADC_ChannelConfig
                0x0800141c        0xa build/stm32f0xx_adc.o
                0x0800141c                ADC_ChannelConfig
 .text.ADC_GetCalibrationFactor
                0x08001426       0x2a build/stm32f0xx_adc.o
                0x08001426                ADC_GetCalibrationFactor
 .text.ADC_StartOfConversion
                0x08001450        0xa build/stm32f0xx_adc.o
                0x08001450                ADC_StartOfConversion
 .text.ADC_DMACmd
                0x0800145a       0x18 build/stm32f0xx_adc.o
                0x0800145a                ADC_DMACmd
 .text.ADC_DMARequestModeConfig
                0x08001472       0x10 build/stm32f0xx_adc.o
                0x08001472                ADC_DMARequestModeConfig
 *fill*         0x08001482        0x2 
 .text.ADC_GetFlagStatus
                0x08001484       0x20 build/stm32f0xx_adc.o
                0x08001484                ADC_GetFlagStatus
 .text.GPIO_Init
                0x080014a4       0x84 build/stm32f0xx_gpio.o
                0x080014a4                GPIO_Init
 .text.GPIO_PinAFConfig
                0x08001528       0x24 build/stm32f0xx_gpio.o
                0x08001528                GPIO_PinAFConfig
 .text.DMA_Init
                0x0800154c       0x3c build/stm32f0xx_dma.o
                0x0800154c                DMA_Init
 .text.DMA_Cmd  0x08001588       0x1c build/stm32f0xx_dma.o
                0x08001588                DMA_Cmd
 .text.DMA_ITConfig
                0x080015a4       0x14 build/stm32f0xx_dma.o
                0x080015a4                DMA_ITConfig
 .text.DMA_GetITStatus
                0x080015b8       0x24 build/stm32f0xx_dma.o
                0x080015b8                DMA_GetITStatus
 .text.DMA_ClearITPendingBit
                0x080015dc       0x18 build/stm32f0xx_dma.o
                0x080015dc                DMA_ClearITPendingBit
 .text.USART_Init
                0x080015f4       0xd8 build/stm32f0xx_usart.o
                0x080015f4                USART_Init
 .text.USART_Cmd
                0x080016cc       0x18 build/stm32f0xx_usart.o
                0x080016cc                USART_Cmd
 .text.USART_SendData
                0x080016e4        0x8 build/stm32f0xx_usart.o
                0x080016e4                USART_SendData
 .text.USART_ReceiveData
                0x080016ec        0x8 build/stm32f0xx_usart.o
                0x080016ec                USART_ReceiveData
 .text.USART_ITConfig
                0x080016f4       0x36 build/stm32f0xx_usart.o
                0x080016f4                USART_ITConfig
 .text.USART_GetFlagStatus
                0x0800172a        0xe build/stm32f0xx_usart.o
                0x0800172a                USART_GetFlagStatus
 .text.USART_GetITStatus
                0x08001738       0x44 build/stm32f0xx_usart.o
                0x08001738                USART_GetITStatus
 .text.RCC_GetClocksFreq
                0x0800177c      0x1f8 build/stm32f0xx_rcc.o
                0x0800177c                RCC_GetClocksFreq
 .text.RCC_AHBPeriphClockCmd
                0x08001974       0x1c build/stm32f0xx_rcc.o
                0x08001974                RCC_AHBPeriphClockCmd
 .text.RCC_APB2PeriphClockCmd
                0x08001990       0x1c build/stm32f0xx_rcc.o
                0x08001990                RCC_APB2PeriphClockCmd
 .text.RCC_APB1PeriphClockCmd
                0x080019ac       0x1c build/stm32f0xx_rcc.o
                0x080019ac                RCC_APB1PeriphClockCmd
 .text.NVIC_Init
                0x080019c8       0x54 build/stm32f0xx_misc.o
                0x080019c8                NVIC_Init
 .text.TIM_TimeBaseInit
                0x08001a1c       0x78 build/stm32f0xx_tim.o
                0x08001a1c                TIM_TimeBaseInit
 .text.TIM_SetCounter
                0x08001a94        0x4 build/stm32f0xx_tim.o
                0x08001a94                TIM_SetCounter
 .text.TIM_Cmd  0x08001a98       0x18 build/stm32f0xx_tim.o
                0x08001a98                TIM_Cmd
 .text.TIM_SelectOutputTrigger
                0x08001ab0       0x10 build/stm32f0xx_tim.o
                0x08001ab0                TIM_SelectOutputTrigger
 .text.Reset_Handler
                0x08001ac0       0x50 build/startup_stm32f030x6.o
                0x08001ac0                Reset_Handler
 .text.Default_Handler
                0x08001b10        0x2 build/startup_stm32f030x6.o
                0x08001b10                TIM1_CC_IRQHandler
                0x08001b10                HardFault_Handler
                0x08001b10                SysTick_Handler
                0x08001b10                PendSV_Handler
                0x08001b10                NMI_Handler
                0x08001b10                I2C1_IRQHandler
                0x08001b10                SPI1_IRQHandler
                0x08001b10                EXTI2_3_IRQHandler
                0x08001b10                ADC1_IRQHandler
                0x08001b10                TIM17_IRQHandler
                0x08001b10                RTC_IRQHandler
                0x08001b10                TIM16_IRQHandler
                0x08001b10                TIM3_IRQHandler
                0x08001b10                EXTI4_15_IRQHandler
                0x08001b10                RCC_IRQHandler
                0x08001b10                Default_Handler
                0x08001b10                TIM14_IRQHandler
                0x08001b10                DMA1_Channel4_5_IRQHandler
                0x08001b10                EXTI0_1_IRQHandler
                0x08001b10                SVC_Handler
                0x08001b10                WWDG_IRQHandler
                0x08001b10                DMA1_Channel2_3_IRQHandler
                0x08001b10                FLASH_IRQHandler
                0x08001b10                TIM1_BRK_UP_TRG_COM_IRQHandler
 *fill*         0x08001b12        0x2 
 .text.__libc_init_array
                0x08001b14       0x48 /usr/bin/../lib/gcc/arm-none-eabi/7.3.1/../../../../arm-none-eabi/lib/thumb/v6-m/libc_nano.a(lib_a-init.o)
                0x08001b14                __libc_init_array
 *(.glue_7)
 .glue_7        0x08001b5c        0x0 linker stubs
 *(.glue_7t)
 .glue_7t       0x08001b5c        0x0 linker stubs
 *(.eh_frame)
 .eh_frame      0x08001b5c        0x0 /usr/bin/../lib/gcc/arm-none-eabi/7.3.1/thumb/v6-m/crtbegin.o
 *(.init)
 .init          0x08001b5c        0x4 /usr/bin/../lib/gcc/arm-none-eabi/7.3.1/thumb/v6-m/crti.o
                0x08001b5c                _init
 .init          0x08001b60        0x8 /usr/bin/../lib/gcc/arm-none-eabi/7.3.1/thumb/v6-m/crtn.o
 *(.fini)
 .fini          0x08001b68        0x4 /usr/bin/../lib/gcc/arm-none-eabi/7.3.1/thumb/v6-m/crti.o
                0x08001b68                _fini
 .fini          0x08001b6c        0x8 /usr/bin/../lib/gcc/arm-none-eabi/7.3.1/thumb/v6-m/crtn.o
                0x08001b74                . = ALIGN (0x4)
                0x08001b74                _etext = .

.vfp11_veneer   0x08001b74        0x0
 .vfp11_veneer  0x08001b74        0x0 linker stubs

.v4_bx          0x08001b74        0x0
 .v4_bx         0x08001b74        0x0 linker stubs

.iplt           0x08001b74        0x0
 .iplt          0x08001b74        0x0 /usr/bin/../lib/gcc/arm-none-eabi/7.3.1/thumb/v6-m/crtbegin.o

.rodata         0x08001b74        0x0
                0x08001b74                . = ALIGN (0x4)
 *(.rodata)
 *(.rodata*)
                0x08001b74                . = ALIGN (0x4)

.ARM.extab
 *(.ARM.extab* .gnu.linkonce.armextab.*)

.ARM            0x08001b74        0x8
                0x08001b74                __exidx_start = .
 *(.ARM.exidx*)
 .ARM.exidx     0x08001b74        0x8 /usr/bin/../lib/gcc/arm-none-eabi/7.3.1/thumb/v6-m/libgcc.a(_udivmoddi4.o)
                0x08001b7c                __exidx_end = .

.rel.dyn        0x08001b7c        0x0
 .rel.iplt      0x08001b7c        0x0 /usr/bin/../lib/gcc/arm-none-eabi/7.3.1/thumb/v6-m/crtbegin.o

.preinit_array  0x08001b7c        0x0
                0x08001b7c                PROVIDE (__preinit_array_start = .)
 *(.preinit_array*)
                0x08001b7c                PROVIDE (__preinit_array_end = .)

.init_array     0x08001b7c        0x4
                0x08001b7c                PROVIDE (__init_array_start = .)
 *(SORT_BY_NAME(.init_array.*))
 *(.init_array*)
 .init_array    0x08001b7c        0x4 /usr/bin/../lib/gcc/arm-none-eabi/7.3.1/thumb/v6-m/crtbegin.o
                0x08001b80                PROVIDE (__init_array_end = .)

.fini_array     0x08001b80        0x4
                [!provide]                PROVIDE (__fini_array_start = .)
 *(SORT_BY_NAME(.fini_array.*))
 *(.fini_array*)
 .fini_array    0x08001b80        0x4 /usr/bin/../lib/gcc/arm-none-eabi/7.3.1/thumb/v6-m/crtbegin.o
                [!provide]                PROVIDE (__fini_array_end = .)
                0x08001b84                _sidata = LOADADDR (.data)

.data           0x20000000       0x10 load address 0x08001b84
                0x20000000                . = ALIGN (0x4)
                0x20000000                _sdata = .
 *(.data)
 *(.data*)
 .data.APBAHBPrescTable
                0x20000000       0x10 build/stm32f0xx_rcc.o
                0x20000010                . = ALIGN (0x4)
                0x20000010                _edata = .

.igot.plt       0x20000010        0x0 load address 0x08001b94
 .igot.plt      0x20000010        0x0 /usr/bin/../lib/gcc/arm-none-eabi/7.3.1/thumb/v6-m/crtbegin.o
                0x20000010                . = ALIGN (0x4)

.bss            0x20000010      0x6a8 load address 0x08001b94
                0x20000010                _sbss = .
                0x20000010                __bss_start__ = _sbss
 *(.bss)
 .bss           0x20000010       0x1c /usr/bin/../lib/gcc/arm-none-eabi/7.3.1/thumb/v6-m/crtbegin.o
 *(.bss*)
 *(COMMON)
 *fill*         0x2000002c        0x4 
 COMMON         0x20000030      0x686 build/main.o
                0x20000030                ia_min
                0x20000038                i_sum
                0x20000040                p_sum
                0x20000048                i_offset
                0x2000004a                va_max
                0x2000004c                AdcData
                0x20000694                va
                0x20000696                v_offset
                0x20000698                ia
                0x2000069a                meas
                0x2000069c                ia_max
                0x200006a0                v_sum
                0x200006a8                v_out
                0x200006ac                p_out
                0x200006b0                i_out
                0x200006b4                va_min
                0x200006b8                . = ALIGN (0x4)
 *fill*         0x200006b6        0x2 
                0x200006b8                _ebss = .
                0x200006b8                __bss_end__ = _ebss

._user_heap_stack
                0x200006b8      0x600 load address 0x08001b94
                0x200006b8                . = ALIGN (0x8)
                [!provide]                PROVIDE (end = .)
                [!provide]                PROVIDE (_end = .)
                0x200008b8                . = (. + _Min_Heap_Size)
 *fill*         0x200006b8      0x200 
                0x20000cb8                . = (. + _Min_Stack_Size)
 *fill*         0x200008b8      0x400 
                0x20000cb8                . = ALIGN (0x8)

/DISCARD/
 libc.a(*)
 libm.a(*)
 libgcc.a(*)

.ARM.attributes
                0x00000000       0x28
 *(.ARM.attributes)
 .ARM.attributes
                0x00000000       0x1e /usr/bin/../lib/gcc/arm-none-eabi/7.3.1/thumb/v6-m/crti.o
 .ARM.attributes
                0x0000001e       0x2c /usr/bin/../lib/gcc/arm-none-eabi/7.3.1/thumb/v6-m/crtbegin.o
 .ARM.attributes
                0x0000004a       0x31 build/main.o
 .ARM.attributes
                0x0000007b       0x31 build/system_stm32f0xx.o
 .ARM.attributes
                0x000000ac       0x31 build/stm32f0xx_adc.o
 .ARM.attributes
                0x000000dd       0x31 build/stm32f0xx_gpio.o
 .ARM.attributes
                0x0000010e       0x31 build/stm32f0xx_dma.o
 .ARM.attributes
                0x0000013f       0x31 build/stm32f0xx_usart.o
 .ARM.attributes
                0x00000170       0x31 build/stm32f0xx_rcc.o
 .ARM.attributes
                0x000001a1       0x31 build/stm32f0xx_misc.o
 .ARM.attributes
                0x000001d2       0x31 build/stm32f0xx_tim.o
 .ARM.attributes
                0x00000203       0x21 build/startup_stm32f030x6.o
 .ARM.attributes
                0x00000224       0x2c /usr/bin/../lib/gcc/arm-none-eabi/7.3.1/../../../../arm-none-eabi/lib/thumb/v6-m/libc_nano.a(lib_a-init.o)
 .ARM.attributes
                0x00000250       0x1e /usr/bin/../lib/gcc/arm-none-eabi/7.3.1/thumb/v6-m/libgcc.a(_udivsi3.o)
 .ARM.attributes
                0x0000026e       0x1e /usr/bin/../lib/gcc/arm-none-eabi/7.3.1/thumb/v6-m/libgcc.a(_dvmd_tls.o)
 .ARM.attributes
                0x0000028c       0x1e /usr/bin/../lib/gcc/arm-none-eabi/7.3.1/thumb/v6-m/libgcc.a(_aeabi_uldivmod.o)
 .ARM.attributes
                0x000002aa       0x2c /usr/bin/../lib/gcc/arm-none-eabi/7.3.1/thumb/v6-m/libgcc.a(_muldi3.o)
 .ARM.attributes
                0x000002d6       0x2c /usr/bin/../lib/gcc/arm-none-eabi/7.3.1/thumb/v6-m/libgcc.a(_udivmoddi4.o)
 .ARM.attributes
                0x00000302       0x1e /usr/bin/../lib/gcc/arm-none-eabi/7.3.1/thumb/v6-m/libgcc.a(_clzdi2.o)
 .ARM.attributes
                0x00000320       0x1e /usr/bin/../lib/gcc/arm-none-eabi/7.3.1/thumb/v6-m/libgcc.a(_clzsi2.o)
 .ARM.attributes
                0x0000033e       0x1e /usr/bin/../lib/gcc/arm-none-eabi/7.3.1/thumb/v6-m/crtn.o
OUTPUT(build/heater_1.elf elf32-littlearm)

.comment        0x00000000       0x7f
 .comment       0x00000000       0x7f build/main.o
                                 0x80 (size before relaxing)
 .comment       0x0000007f       0x80 build/system_stm32f0xx.o
 .comment       0x0000007f       0x80 build/stm32f0xx_adc.o
 .comment       0x0000007f       0x80 build/stm32f0xx_gpio.o
 .comment       0x0000007f       0x80 build/stm32f0xx_dma.o
 .comment       0x0000007f       0x80 build/stm32f0xx_usart.o
 .comment       0x0000007f       0x80 build/stm32f0xx_rcc.o
 .comment       0x0000007f       0x80 build/stm32f0xx_misc.o
 .comment       0x0000007f       0x80 build/stm32f0xx_tim.o

.debug_frame    0x00000000       0xbc
 .debug_frame   0x00000000       0x2c /usr/bin/../lib/gcc/arm-none-eabi/7.3.1/../../../../arm-none-eabi/lib/thumb/v6-m/libc_nano.a(lib_a-init.o)
 .debug_frame   0x0000002c       0x20 /usr/bin/../lib/gcc/arm-none-eabi/7.3.1/thumb/v6-m/libgcc.a(_udivsi3.o)
 .debug_frame   0x0000004c       0x34 /usr/bin/../lib/gcc/arm-none-eabi/7.3.1/thumb/v6-m/libgcc.a(_muldi3.o)
 .debug_frame   0x00000080       0x3c /usr/bin/../lib/gcc/arm-none-eabi/7.3.1/thumb/v6-m/libgcc.a(_udivmoddi4.o)

Cross Reference Table

Symbol                                            File
ADC1_IRQHandler                                   build/startup_stm32f030x6.o
ADC_AnalogWatchdogCmd                             build/stm32f0xx_adc.o
ADC_AnalogWatchdogSingleChannelCmd                build/stm32f0xx_adc.o
ADC_AnalogWatchdogSingleChannelConfig             build/stm32f0xx_adc.o
ADC_AnalogWatchdogThresholdsConfig                build/stm32f0xx_adc.o
ADC_AutoPowerOffCmd                               build/stm32f0xx_adc.o
ADC_ChannelConfig                                 build/stm32f0xx_adc.o
                                                  build/main.o
ADC_ClearFlag                                     build/stm32f0xx_adc.o
ADC_ClearITPendingBit                             build/stm32f0xx_adc.o
ADC_ClockModeConfig                               build/stm32f0xx_adc.o
ADC_Cmd                                           build/stm32f0xx_adc.o
                                                  build/main.o
ADC_ContinuousModeCmd                             build/stm32f0xx_adc.o
ADC_DMACmd                                        build/stm32f0xx_adc.o
                                                  build/main.o
ADC_DMARequestModeConfig                          build/stm32f0xx_adc.o
                                                  build/main.o
ADC_DeInit                                        build/stm32f0xx_adc.o
ADC_DiscModeCmd                                   build/stm32f0xx_adc.o
ADC_GetCalibrationFactor                          build/stm32f0xx_adc.o
                                                  build/main.o
ADC_GetConversionValue                            build/stm32f0xx_adc.o
ADC_GetFlagStatus                                 build/stm32f0xx_adc.o
                                                  build/main.o
ADC_GetITStatus                                   build/stm32f0xx_adc.o
ADC_ITConfig                                      build/stm32f0xx_adc.o
ADC_Init                                          build/stm32f0xx_adc.o
                                                  build/main.o
ADC_Inite                                         build/main.o
ADC_JitterCmd                                     build/stm32f0xx_adc.o
ADC_OverrunModeCmd                                build/stm32f0xx_adc.o
ADC_StartOfConversion                             build/stm32f0xx_adc.o
                                                  build/main.o
ADC_StopOfConversion                              build/stm32f0xx_adc.o
ADC_StructInit                                    build/stm32f0xx_adc.o
                                                  build/main.o
ADC_TempSensorCmd                                 build/stm32f0xx_adc.o
ADC_VbatCmd                                       build/stm32f0xx_adc.o
ADC_VrefintCmd                                    build/stm32f0xx_adc.o
ADC_WaitModeCmd                                   build/stm32f0xx_adc.o
AHBPrescTable                                     build/system_stm32f0xx.o
APBPrescTable                                     build/system_stm32f0xx.o
AdcData                                           build/main.o
DMA1_Channel1_IRQHandler                          build/main.o
DMA1_Channel2_3_IRQHandler                        build/startup_stm32f030x6.o
DMA1_Channel4_5_IRQHandler                        build/startup_stm32f030x6.o
DMA_ClearFlag                                     build/stm32f0xx_dma.o
DMA_ClearITPendingBit                             build/stm32f0xx_dma.o
                                                  build/main.o
DMA_Cmd                                           build/stm32f0xx_dma.o
                                                  build/main.o
DMA_DeInit                                        build/stm32f0xx_dma.o
DMA_GetCurrDataCounter                            build/stm32f0xx_dma.o
DMA_GetFlagStatus                                 build/stm32f0xx_dma.o
DMA_GetITStatus                                   build/stm32f0xx_dma.o
                                                  build/main.o
DMA_ITConfig                                      build/stm32f0xx_dma.o
                                                  build/main.o
DMA_Init                                          build/stm32f0xx_dma.o
                                                  build/main.o
DMA_Inite                                         build/main.o
DMA_RemapConfig                                   build/stm32f0xx_dma.o
DMA_SetCurrDataCounter                            build/stm32f0xx_dma.o
DMA_StructInit                                    build/stm32f0xx_dma.o
Default_Handler                                   build/startup_stm32f030x6.o
EXTI0_1_IRQHandler                                build/startup_stm32f030x6.o
EXTI2_3_IRQHandler                                build/startup_stm32f030x6.o
EXTI4_15_IRQHandler                               build/startup_stm32f030x6.o
FLASH_IRQHandler                                  build/startup_stm32f030x6.o
GPIO_DeInit                                       build/stm32f0xx_gpio.o
GPIO_Init                                         build/stm32f0xx_gpio.o
                                                  build/main.o
GPIO_Inite                                        build/main.o
GPIO_PinAFConfig                                  build/stm32f0xx_gpio.o
                                                  build/main.o
GPIO_PinLockConfig                                build/stm32f0xx_gpio.o
GPIO_ReadInputData                                build/stm32f0xx_gpio.o
GPIO_ReadInputDataBit                             build/stm32f0xx_gpio.o
GPIO_ReadOutputData                               build/stm32f0xx_gpio.o
GPIO_ReadOutputDataBit                            build/stm32f0xx_gpio.o
GPIO_ResetBits                                    build/stm32f0xx_gpio.o
GPIO_SetBits                                      build/stm32f0xx_gpio.o
GPIO_StructInit                                   build/stm32f0xx_gpio.o
GPIO_Write                                        build/stm32f0xx_gpio.o
GPIO_WriteBit                                     build/stm32f0xx_gpio.o
HardFault_Handler                                 build/startup_stm32f030x6.o
I2C1_IRQHandler                                   build/startup_stm32f030x6.o
NMI_Handler                                       build/startup_stm32f030x6.o
NVIC_Init                                         build/stm32f0xx_misc.o
                                                  build/main.o
NVIC_SystemLPConfig                               build/stm32f0xx_misc.o
PendSV_Handler                                    build/startup_stm32f030x6.o
RCC_ADCCLKConfig                                  build/stm32f0xx_rcc.o
RCC_AHBPeriphClockCmd                             build/stm32f0xx_rcc.o
                                                  build/main.o
RCC_AHBPeriphResetCmd                             build/stm32f0xx_rcc.o
                                                  build/stm32f0xx_gpio.o
RCC_APB1PeriphClockCmd                            build/stm32f0xx_rcc.o
                                                  build/main.o
RCC_APB1PeriphResetCmd                            build/stm32f0xx_rcc.o
                                                  build/stm32f0xx_tim.o
                                                  build/stm32f0xx_usart.o
RCC_APB2PeriphClockCmd                            build/stm32f0xx_rcc.o
                                                  build/main.o
RCC_APB2PeriphResetCmd                            build/stm32f0xx_rcc.o
                                                  build/stm32f0xx_tim.o
                                                  build/stm32f0xx_usart.o
                                                  build/stm32f0xx_adc.o
RCC_AdjustHSI14CalibrationValue                   build/stm32f0xx_rcc.o
RCC_AdjustHSICalibrationValue                     build/stm32f0xx_rcc.o
RCC_BackupResetCmd                                build/stm32f0xx_rcc.o
RCC_CECCLKConfig                                  build/stm32f0xx_rcc.o
RCC_ClearFlag                                     build/stm32f0xx_rcc.o
RCC_ClearITPendingBit                             build/stm32f0xx_rcc.o
RCC_ClockSecuritySystemCmd                        build/stm32f0xx_rcc.o
RCC_DeInit                                        build/stm32f0xx_rcc.o
RCC_GetClocksFreq                                 build/stm32f0xx_rcc.o
                                                  build/stm32f0xx_usart.o
RCC_GetFlagStatus                                 build/stm32f0xx_rcc.o
RCC_GetITStatus                                   build/stm32f0xx_rcc.o
RCC_GetSYSCLKSource                               build/stm32f0xx_rcc.o
RCC_HCLKConfig                                    build/stm32f0xx_rcc.o
RCC_HSEConfig                                     build/stm32f0xx_rcc.o
RCC_HSI14ADCRequestCmd                            build/stm32f0xx_rcc.o
RCC_HSI14Cmd                                      build/stm32f0xx_rcc.o
RCC_HSI48Cmd                                      build/stm32f0xx_rcc.o
RCC_HSICmd                                        build/stm32f0xx_rcc.o
RCC_I2CCLKConfig                                  build/stm32f0xx_rcc.o
RCC_IRQHandler                                    build/startup_stm32f030x6.o
RCC_ITConfig                                      build/stm32f0xx_rcc.o
RCC_LSEConfig                                     build/stm32f0xx_rcc.o
RCC_LSEDriveConfig                                build/stm32f0xx_rcc.o
RCC_LSICmd                                        build/stm32f0xx_rcc.o
RCC_MCOConfig                                     build/stm32f0xx_rcc.o
RCC_PCLKConfig                                    build/stm32f0xx_rcc.o
RCC_PLLCmd                                        build/stm32f0xx_rcc.o
RCC_PLLConfig                                     build/stm32f0xx_rcc.o
RCC_PREDIV1Config                                 build/stm32f0xx_rcc.o
RCC_RTCCLKCmd                                     build/stm32f0xx_rcc.o
RCC_RTCCLKConfig                                  build/stm32f0xx_rcc.o
RCC_SYSCLKConfig                                  build/stm32f0xx_rcc.o
RCC_USARTCLKConfig                                build/stm32f0xx_rcc.o
RCC_USBCLKConfig                                  build/stm32f0xx_rcc.o
RCC_WaitForHSEStartUp                             build/stm32f0xx_rcc.o
RTC_IRQHandler                                    build/startup_stm32f030x6.o
Reset_Handler                                     build/startup_stm32f030x6.o
SPI1_IRQHandler                                   build/startup_stm32f030x6.o
SVC_Handler                                       build/startup_stm32f030x6.o
SysTick_CLKSourceConfig                           build/stm32f0xx_misc.o
SysTick_Handler                                   build/startup_stm32f030x6.o
SystemClock_Config                                build/main.o
SystemCoreClock                                   build/system_stm32f0xx.o
SystemInit                                        build/system_stm32f0xx.o
                                                  build/startup_stm32f030x6.o
TIM14_IRQHandler                                  build/startup_stm32f030x6.o
TIM16_IRQHandler                                  build/startup_stm32f030x6.o
TIM17_IRQHandler                                  build/startup_stm32f030x6.o
TIM1_BRK_UP_TRG_COM_IRQHandler                    build/startup_stm32f030x6.o
TIM1_CC_IRQHandler                                build/startup_stm32f030x6.o
TIM3_IRQHandler                                   build/startup_stm32f030x6.o
TIM_ARRPreloadConfig                              build/stm32f0xx_tim.o
TIM_BDTRConfig                                    build/stm32f0xx_tim.o
TIM_BDTRStructInit                                build/stm32f0xx_tim.o
TIM_CCPreloadControl                              build/stm32f0xx_tim.o
TIM_CCxCmd                                        build/stm32f0xx_tim.o
TIM_CCxNCmd                                       build/stm32f0xx_tim.o
TIM_ClearFlag                                     build/stm32f0xx_tim.o
TIM_ClearITPendingBit                             build/stm32f0xx_tim.o
TIM_ClearOC1Ref                                   build/stm32f0xx_tim.o
TIM_ClearOC2Ref                                   build/stm32f0xx_tim.o
TIM_ClearOC3Ref                                   build/stm32f0xx_tim.o
TIM_ClearOC4Ref                                   build/stm32f0xx_tim.o
TIM_Cmd                                           build/stm32f0xx_tim.o
                                                  build/main.o
TIM_CounterModeConfig                             build/stm32f0xx_tim.o
TIM_CtrlPWMOutputs                                build/stm32f0xx_tim.o
TIM_DMACmd                                        build/stm32f0xx_tim.o
TIM_DMAConfig                                     build/stm32f0xx_tim.o
TIM_DeInit                                        build/stm32f0xx_tim.o
TIM_ETRClockMode1Config                           build/stm32f0xx_tim.o
TIM_ETRClockMode2Config                           build/stm32f0xx_tim.o
TIM_ETRConfig                                     build/stm32f0xx_tim.o
TIM_EncoderInterfaceConfig                        build/stm32f0xx_tim.o
TIM_ForcedOC1Config                               build/stm32f0xx_tim.o
TIM_ForcedOC2Config                               build/stm32f0xx_tim.o
TIM_ForcedOC3Config                               build/stm32f0xx_tim.o
TIM_ForcedOC4Config                               build/stm32f0xx_tim.o
TIM_GenerateEvent                                 build/stm32f0xx_tim.o
TIM_GetCapture1                                   build/stm32f0xx_tim.o
TIM_GetCapture2                                   build/stm32f0xx_tim.o
TIM_GetCapture3                                   build/stm32f0xx_tim.o
TIM_GetCapture4                                   build/stm32f0xx_tim.o
TIM_GetCounter                                    build/stm32f0xx_tim.o
TIM_GetFlagStatus                                 build/stm32f0xx_tim.o
TIM_GetITStatus                                   build/stm32f0xx_tim.o
TIM_GetPrescaler                                  build/stm32f0xx_tim.o
TIM_ICInit                                        build/stm32f0xx_tim.o
TIM_ICStructInit                                  build/stm32f0xx_tim.o
TIM_ITConfig                                      build/stm32f0xx_tim.o
TIM_ITRxExternalClockConfig                       build/stm32f0xx_tim.o
TIM_InternalClockConfig                           build/stm32f0xx_tim.o
TIM_OC1FastConfig                                 build/stm32f0xx_tim.o
TIM_OC1Init                                       build/stm32f0xx_tim.o
TIM_OC1NPolarityConfig                            build/stm32f0xx_tim.o
TIM_OC1PolarityConfig                             build/stm32f0xx_tim.o
TIM_OC1PreloadConfig                              build/stm32f0xx_tim.o
TIM_OC2FastConfig                                 build/stm32f0xx_tim.o
TIM_OC2Init                                       build/stm32f0xx_tim.o
TIM_OC2NPolarityConfig                            build/stm32f0xx_tim.o
TIM_OC2PolarityConfig                             build/stm32f0xx_tim.o
TIM_OC2PreloadConfig                              build/stm32f0xx_tim.o
TIM_OC3FastConfig                                 build/stm32f0xx_tim.o
TIM_OC3Init                                       build/stm32f0xx_tim.o
TIM_OC3NPolarityConfig                            build/stm32f0xx_tim.o
TIM_OC3PolarityConfig                             build/stm32f0xx_tim.o
TIM_OC3PreloadConfig                              build/stm32f0xx_tim.o
TIM_OC4FastConfig                                 build/stm32f0xx_tim.o
TIM_OC4Init                                       build/stm32f0xx_tim.o
TIM_OC4PolarityConfig                             build/stm32f0xx_tim.o
TIM_OC4PreloadConfig                              build/stm32f0xx_tim.o
TIM_OCStructInit                                  build/stm32f0xx_tim.o
TIM_PWMIConfig                                    build/stm32f0xx_tim.o
TIM_PrescalerConfig                               build/stm32f0xx_tim.o
TIM_RemapConfig                                   build/stm32f0xx_tim.o
TIM_SelectCCDMA                                   build/stm32f0xx_tim.o
TIM_SelectCOM                                     build/stm32f0xx_tim.o
TIM_SelectHallSensor                              build/stm32f0xx_tim.o
TIM_SelectInputTrigger                            build/stm32f0xx_tim.o
TIM_SelectMasterSlaveMode                         build/stm32f0xx_tim.o
TIM_SelectOCREFClear                              build/stm32f0xx_tim.o
TIM_SelectOCxM                                    build/stm32f0xx_tim.o
TIM_SelectOnePulseMode                            build/stm32f0xx_tim.o
TIM_SelectOutputTrigger                           build/stm32f0xx_tim.o
                                                  build/main.o
TIM_SelectSlaveMode                               build/stm32f0xx_tim.o
TIM_SetAutoreload                                 build/stm32f0xx_tim.o
TIM_SetClockDivision                              build/stm32f0xx_tim.o
TIM_SetCompare1                                   build/stm32f0xx_tim.o
TIM_SetCompare2                                   build/stm32f0xx_tim.o
TIM_SetCompare3                                   build/stm32f0xx_tim.o
TIM_SetCompare4                                   build/stm32f0xx_tim.o
TIM_SetCounter                                    build/stm32f0xx_tim.o
                                                  build/main.o
TIM_SetIC1Prescaler                               build/stm32f0xx_tim.o
TIM_SetIC2Prescaler                               build/stm32f0xx_tim.o
TIM_SetIC3Prescaler                               build/stm32f0xx_tim.o
TIM_SetIC4Prescaler                               build/stm32f0xx_tim.o
TIM_TIxExternalClockConfig                        build/stm32f0xx_tim.o
TIM_TimeBaseInit                                  build/stm32f0xx_tim.o
                                                  build/main.o
TIM_TimeBaseStructInit                            build/stm32f0xx_tim.o
TIM_UpdateDisableConfig                           build/stm32f0xx_tim.o
TIM_UpdateRequestConfig                           build/stm32f0xx_tim.o
USART1_IRQHandler                                 build/main.o
USART1_UART_Inite                                 build/main.o
USART_AddressDetectionConfig                      build/stm32f0xx_usart.o
USART_AutoBaudRateCmd                             build/stm32f0xx_usart.o
USART_AutoBaudRateConfig                          build/stm32f0xx_usart.o
USART_ClearFlag                                   build/stm32f0xx_usart.o
USART_ClearITPendingBit                           build/stm32f0xx_usart.o
USART_ClockInit                                   build/stm32f0xx_usart.o
USART_ClockStructInit                             build/stm32f0xx_usart.o
USART_Cmd                                         build/stm32f0xx_usart.o
                                                  build/main.o
USART_DECmd                                       build/stm32f0xx_usart.o
USART_DEPolarityConfig                            build/stm32f0xx_usart.o
USART_DMACmd                                      build/stm32f0xx_usart.o
USART_DMAReceptionErrorConfig                     build/stm32f0xx_usart.o
USART_DataInvCmd                                  build/stm32f0xx_usart.o
USART_DeInit                                      build/stm32f0xx_usart.o
USART_DirectionModeCmd                            build/stm32f0xx_usart.o
USART_GetFlagStatus                               build/stm32f0xx_usart.o
                                                  build/main.o
USART_GetITStatus                                 build/stm32f0xx_usart.o
                                                  build/main.o
USART_HalfDuplexCmd                               build/stm32f0xx_usart.o
USART_ITConfig                                    build/stm32f0xx_usart.o
                                                  build/main.o
USART_Init                                        build/stm32f0xx_usart.o
                                                  build/main.o
USART_InvPinCmd                                   build/stm32f0xx_usart.o
USART_IrDACmd                                     build/stm32f0xx_usart.o
USART_IrDAConfig                                  build/stm32f0xx_usart.o
USART_LINBreakDetectLengthConfig                  build/stm32f0xx_usart.o
USART_LINCmd                                      build/stm32f0xx_usart.o
USART_MSBFirstCmd                                 build/stm32f0xx_usart.o
USART_MuteModeCmd                                 build/stm32f0xx_usart.o
USART_MuteModeWakeUpConfig                        build/stm32f0xx_usart.o
USART_OneBitMethodCmd                             build/stm32f0xx_usart.o
USART_OverSampling8Cmd                            build/stm32f0xx_usart.o
USART_OverrunDetectionConfig                      build/stm32f0xx_usart.o
USART_ReceiveData                                 build/stm32f0xx_usart.o
                                                  build/main.o
USART_ReceiverTimeOutCmd                          build/stm32f0xx_usart.o
USART_RequestCmd                                  build/stm32f0xx_usart.o
USART_STOPModeCmd                                 build/stm32f0xx_usart.o
USART_SWAPPinCmd                                  build/stm32f0xx_usart.o
USART_SendData                                    build/stm32f0xx_usart.o
                                                  build/main.o
USART_SetAddress                                  build/stm32f0xx_usart.o
USART_SetAutoRetryCount                           build/stm32f0xx_usart.o
USART_SetBlockLength                              build/stm32f0xx_usart.o
USART_SetDEAssertionTime                          build/stm32f0xx_usart.o
USART_SetDEDeassertionTime                        build/stm32f0xx_usart.o
USART_SetGuardTime                                build/stm32f0xx_usart.o
USART_SetPrescaler                                build/stm32f0xx_usart.o
USART_SetReceiverTimeOut                          build/stm32f0xx_usart.o
USART_SmartCardCmd                                build/stm32f0xx_usart.o
USART_SmartCardNACKCmd                            build/stm32f0xx_usart.o
USART_StopModeWakeUpSourceConfig                  build/stm32f0xx_usart.o
USART_StructInit                                  build/stm32f0xx_usart.o
WWDG_IRQHandler                                   build/startup_stm32f030x6.o
_Error_Handler                                    build/main.o
__aeabi_idiv0                                     /usr/bin/../lib/gcc/arm-none-eabi/7.3.1/thumb/v6-m/libgcc.a(_dvmd_tls.o)
                                                  /usr/bin/../lib/gcc/arm-none-eabi/7.3.1/thumb/v6-m/libgcc.a(_udivsi3.o)
__aeabi_ldiv0                                     /usr/bin/../lib/gcc/arm-none-eabi/7.3.1/thumb/v6-m/libgcc.a(_dvmd_tls.o)
                                                  /usr/bin/../lib/gcc/arm-none-eabi/7.3.1/thumb/v6-m/libgcc.a(_aeabi_uldivmod.o)
__aeabi_lmul                                      /usr/bin/../lib/gcc/arm-none-eabi/7.3.1/thumb/v6-m/libgcc.a(_muldi3.o)
                                                  build/main.o
__aeabi_uidiv                                     /usr/bin/../lib/gcc/arm-none-eabi/7.3.1/thumb/v6-m/libgcc.a(_udivsi3.o)
                                                  build/stm32f0xx_rcc.o
                                                  build/stm32f0xx_usart.o
                                                  build/main.o
__aeabi_uidivmod                                  /usr/bin/../lib/gcc/arm-none-eabi/7.3.1/thumb/v6-m/libgcc.a(_udivsi3.o)
                                                  build/stm32f0xx_usart.o
__aeabi_uldivmod                                  /usr/bin/../lib/gcc/arm-none-eabi/7.3.1/thumb/v6-m/libgcc.a(_aeabi_uldivmod.o)
                                                  build/main.o
__bss_end__                                       /usr/bin/../lib/gcc/arm-none-eabi/7.3.1/../../../../arm-none-eabi/lib/thumb/v6-m/crt0.o
__bss_start__                                     /usr/bin/../lib/gcc/arm-none-eabi/7.3.1/../../../../arm-none-eabi/lib/thumb/v6-m/crt0.o
__call_exitprocs                                  /usr/bin/../lib/gcc/arm-none-eabi/7.3.1/../../../../arm-none-eabi/lib/thumb/v6-m/libc_nano.a(lib_a-exit.o)
__clzdi2                                          /usr/bin/../lib/gcc/arm-none-eabi/7.3.1/thumb/v6-m/libgcc.a(_clzdi2.o)
                                                  /usr/bin/../lib/gcc/arm-none-eabi/7.3.1/thumb/v6-m/libgcc.a(_udivmoddi4.o)
__clzsi2                                          /usr/bin/../lib/gcc/arm-none-eabi/7.3.1/thumb/v6-m/libgcc.a(_clzsi2.o)
                                                  /usr/bin/../lib/gcc/arm-none-eabi/7.3.1/thumb/v6-m/libgcc.a(_clzdi2.o)
__deregister_frame_info                           /usr/bin/../lib/gcc/arm-none-eabi/7.3.1/thumb/v6-m/crtbegin.o
__dso_handle                                      /usr/bin/../lib/gcc/arm-none-eabi/7.3.1/thumb/v6-m/crtbegin.o
__init_array_end                                  /usr/bin/../lib/gcc/arm-none-eabi/7.3.1/../../../../arm-none-eabi/lib/thumb/v6-m/libc_nano.a(lib_a-init.o)
__init_array_start                                /usr/bin/../lib/gcc/arm-none-eabi/7.3.1/../../../../arm-none-eabi/lib/thumb/v6-m/libc_nano.a(lib_a-init.o)
__libc_fini_array                                 /usr/bin/../lib/gcc/arm-none-eabi/7.3.1/../../../../arm-none-eabi/lib/thumb/v6-m/crt0.o
__libc_init_array                                 /usr/bin/../lib/gcc/arm-none-eabi/7.3.1/../../../../arm-none-eabi/lib/thumb/v6-m/libc_nano.a(lib_a-init.o)
                                                  build/startup_stm32f030x6.o
                                                  /usr/bin/../lib/gcc/arm-none-eabi/7.3.1/../../../../arm-none-eabi/lib/thumb/v6-m/crt0.o
__muldi3                                          /usr/bin/../lib/gcc/arm-none-eabi/7.3.1/thumb/v6-m/libgcc.a(_muldi3.o)
__preinit_array_end                               /usr/bin/../lib/gcc/arm-none-eabi/7.3.1/../../../../arm-none-eabi/lib/thumb/v6-m/libc_nano.a(lib_a-init.o)
__preinit_array_start                             /usr/bin/../lib/gcc/arm-none-eabi/7.3.1/../../../../arm-none-eabi/lib/thumb/v6-m/libc_nano.a(lib_a-init.o)
__register_frame_info                             /usr/bin/../lib/gcc/arm-none-eabi/7.3.1/thumb/v6-m/crtbegin.o
__sf_fake_stderr                                  /usr/bin/../lib/gcc/arm-none-eabi/7.3.1/../../../../arm-none-eabi/lib/thumb/v6-m/libc_nano.a(lib_a-impure.o)
__sf_fake_stdin                                   /usr/bin/../lib/gcc/arm-none-eabi/7.3.1/../../../../arm-none-eabi/lib/thumb/v6-m/libc_nano.a(lib_a-impure.o)
__sf_fake_stdout                                  /usr/bin/../lib/gcc/arm-none-eabi/7.3.1/../../../../arm-none-eabi/lib/thumb/v6-m/libc_nano.a(lib_a-impure.o)
__stack                                           /usr/bin/../lib/gcc/arm-none-eabi/7.3.1/../../../../arm-none-eabi/lib/thumb/v6-m/crt0.o
__udivmoddi4                                      /usr/bin/../lib/gcc/arm-none-eabi/7.3.1/thumb/v6-m/libgcc.a(_udivmoddi4.o)
                                                  /usr/bin/../lib/gcc/arm-none-eabi/7.3.1/thumb/v6-m/libgcc.a(_aeabi_uldivmod.o)
__udivsi3                                         /usr/bin/../lib/gcc/arm-none-eabi/7.3.1/thumb/v6-m/libgcc.a(_udivsi3.o)
_ebss                                             build/startup_stm32f030x6.o
_edata                                            build/startup_stm32f030x6.o
_estack                                           build/startup_stm32f030x6.o
_exit                                             /usr/bin/../lib/gcc/arm-none-eabi/7.3.1/../../../../arm-none-eabi/lib/thumb/v6-m/libnosys.a(_exit.o)
                                                  /usr/bin/../lib/gcc/arm-none-eabi/7.3.1/../../../../arm-none-eabi/lib/thumb/v6-m/libc_nano.a(lib_a-exit.o)
_fini                                             /usr/bin/../lib/gcc/arm-none-eabi/7.3.1/thumb/v6-m/crti.o
_global_impure_ptr                                /usr/bin/../lib/gcc/arm-none-eabi/7.3.1/../../../../arm-none-eabi/lib/thumb/v6-m/libc_nano.a(lib_a-impure.o)
                                                  /usr/bin/../lib/gcc/arm-none-eabi/7.3.1/../../../../arm-none-eabi/lib/thumb/v6-m/libc_nano.a(lib_a-exit.o)
_impure_ptr                                       /usr/bin/../lib/gcc/arm-none-eabi/7.3.1/../../../../arm-none-eabi/lib/thumb/v6-m/libc_nano.a(lib_a-impure.o)
_init                                             /usr/bin/../lib/gcc/arm-none-eabi/7.3.1/thumb/v6-m/crti.o
                                                  /usr/bin/../lib/gcc/arm-none-eabi/7.3.1/../../../../arm-none-eabi/lib/thumb/v6-m/libc_nano.a(lib_a-init.o)
_mainCRTStartup                                   /usr/bin/../lib/gcc/arm-none-eabi/7.3.1/../../../../arm-none-eabi/lib/thumb/v6-m/crt0.o
_sbss                                             build/startup_stm32f030x6.o
_sdata                                            build/startup_stm32f030x6.o
_sidata                                           build/startup_stm32f030x6.o
_start                                            /usr/bin/../lib/gcc/arm-none-eabi/7.3.1/../../../../arm-none-eabi/lib/thumb/v6-m/crt0.o
atexit                                            /usr/bin/../lib/gcc/arm-none-eabi/7.3.1/../../../../arm-none-eabi/lib/thumb/v6-m/crt0.o
exit                                              /usr/bin/../lib/gcc/arm-none-eabi/7.3.1/../../../../arm-none-eabi/lib/thumb/v6-m/libc_nano.a(lib_a-exit.o)
                                                  /usr/bin/../lib/gcc/arm-none-eabi/7.3.1/../../../../arm-none-eabi/lib/thumb/v6-m/crt0.o
fsqrt                                             build/main.o
g_pfnVectors                                      build/startup_stm32f030x6.o
hardware_init_hook                                /usr/bin/../lib/gcc/arm-none-eabi/7.3.1/../../../../arm-none-eabi/lib/thumb/v6-m/crt0.o
i_offset                                          build/main.o
i_out                                             build/main.o
i_sum                                             build/main.o
ia                                                build/main.o
ia_max                                            build/main.o
ia_min                                            build/main.o
main                                              build/main.o
                                                  build/startup_stm32f030x6.o
                                                  /usr/bin/../lib/gcc/arm-none-eabi/7.3.1/../../../../arm-none-eabi/lib/thumb/v6-m/crt0.o
meas                                              build/main.o
memset                                            /usr/bin/../lib/gcc/arm-none-eabi/7.3.1/../../../../arm-none-eabi/lib/thumb/v6-m/libc_nano.a(lib_a-memset.o)
                                                  /usr/bin/../lib/gcc/arm-none-eabi/7.3.1/../../../../arm-none-eabi/lib/thumb/v6-m/crt0.o
p_out                                             build/main.o
p_sum                                             build/main.o
software_init_hook                                /usr/bin/../lib/gcc/arm-none-eabi/7.3.1/../../../../arm-none-eabi/lib/thumb/v6-m/crt0.o
start_conv                                        build/main.o
v_offset                                          build/main.o
v_out                                             build/main.o
v_sum                                             build/main.o
va                                                build/main.o
va_max                                            build/main.o
va_min                                            build/main.o
